<?xml version="1.0" encoding="utf-8"?>
<TestRun id="0d44f904-7131-49c7-b961-8bb491893dbd" name="patry@PATRYK-LAPTOP 2021-03-03 13:14:41" runUser="PATRYK-LAPTOP\patry" xmlns="http://microsoft.com/schemas/VisualStudio/TeamTest/2010">
  <Times creation="2021-03-03T13:14:41.4735024+01:00" queuing="2021-03-03T13:14:41.4735035+01:00" start="2021-03-03T13:14:40.1810820+01:00" finish="2021-03-03T13:14:41.4781405+01:00" />
  <TestSettings name="default" id="5b8551cd-5065-4b51-b425-150d1035de37">
    <Deployment runDeploymentRoot="patry_PATRYK-LAPTOP_2021-03-03_13_14_41" />
  </TestSettings>
  <Results>
    <UnitTestResult executionId="1acb84d3-0382-4f74-9fcf-425b2a303178" testId="04d138ce-a1db-5d25-394f-2ad8d8e2e9a3" testName="QuantumBudget.API.Tests.PaymentControllerTests.Webhook_Returns200_WhenWebhookSecretIsCorrect" computerName="PATRYK-LAPTOP" duration="00:00:00.0014954" startTime="2021-03-03T13:14:41.3455974+01:00" endTime="2021-03-03T13:14:41.3455979+01:00" testType="13cdc9d9-ddb5-4fa4-a97d-d965ccfc6d4b" outcome="Passed" testListId="8c84fa94-04c1-424b-9868-57a2d4851a1d" relativeResultsDirectory="1acb84d3-0382-4f74-9fcf-425b2a303178" />
    <UnitTestResult executionId="3f597dd7-0b7a-46e7-afc6-6c6aa5150bbb" testId="59feb4d1-4eee-24e5-38e4-45d57626e4df" testName="QuantumBudget.API.Tests.PaymentControllerTests.Webhook_Returns400_WhenWebhookSecretIsWrong" computerName="PATRYK-LAPTOP" duration="00:00:00.0177049" startTime="2021-03-03T13:14:41.3417062+01:00" endTime="2021-03-03T13:14:41.3417312+01:00" testType="13cdc9d9-ddb5-4fa4-a97d-d965ccfc6d4b" outcome="Passed" testListId="8c84fa94-04c1-424b-9868-57a2d4851a1d" relativeResultsDirectory="3f597dd7-0b7a-46e7-afc6-6c6aa5150bbb" />
    <UnitTestResult executionId="6ce79a20-a425-476a-bdc1-2f9dace04c1e" testId="72698a20-79dc-d9cd-6f26-9f0a72230def" testName="QuantumBudget.API.Tests.PaymentControllerTests.Test1" computerName="PATRYK-LAPTOP" duration="00:00:00.0023352" startTime="2021-03-03T13:14:41.3456560+01:00" endTime="2021-03-03T13:14:41.3456562+01:00" testType="13cdc9d9-ddb5-4fa4-a97d-d965ccfc6d4b" outcome="Passed" testListId="8c84fa94-04c1-424b-9868-57a2d4851a1d" relativeResultsDirectory="6ce79a20-a425-476a-bdc1-2f9dace04c1e" />
    <UnitTestResult executionId="90150fc1-eab1-47b6-90f3-11b6f6b2c3f9" testId="b85442c4-1053-b06a-1681-61bd77f70706" testName="QuantumBudget.API.Tests.ValidatorsTests.BudgetDtoValidatorTests.FailValidation_When_DateIsEmpty" computerName="PATRYK-LAPTOP" duration="00:00:00.0519666" startTime="2021-03-03T13:14:41.3729696+01:00" endTime="2021-03-03T13:14:41.3729709+01:00" testType="13cdc9d9-ddb5-4fa4-a97d-d965ccfc6d4b" outcome="Passed" testListId="8c84fa94-04c1-424b-9868-57a2d4851a1d" relativeResultsDirectory="90150fc1-eab1-47b6-90f3-11b6f6b2c3f9" />
  </Results>
  <TestDefinitions>
    <UnitTest name="QuantumBudget.API.Tests.ValidatorsTests.BudgetDtoValidatorTests.FailValidation_When_DateIsEmpty" storage="c:\business\clients\myself\quantumbudget\quantumbudget-backend\src\quantumbudget-api\quantumbudget.api.tests\bin\debug\net5.0\quantumbudget.api.tests.dll" id="b85442c4-1053-b06a-1681-61bd77f70706">
      <Execution id="90150fc1-eab1-47b6-90f3-11b6f6b2c3f9" />
      <TestMethod codeBase="C:\Business\Clients\Myself\quantumbudget\quantumbudget-backend\src\quantumbudget-api\QuantumBudget.API.Tests\bin\Debug\net5.0\QuantumBudget.API.Tests.dll" adapterTypeName="executor://xunit/VsTestRunner2/netcoreapp" className="QuantumBudget.API.Tests.ValidatorsTests.BudgetDtoValidatorTests" name="FailValidation_When_DateIsEmpty" />
    </UnitTest>
    <UnitTest name="QuantumBudget.API.Tests.PaymentControllerTests.Webhook_Returns200_WhenWebhookSecretIsCorrect" storage="c:\business\clients\myself\quantumbudget\quantumbudget-backend\src\quantumbudget-api\quantumbudget.api.tests\bin\debug\net5.0\quantumbudget.api.tests.dll" id="04d138ce-a1db-5d25-394f-2ad8d8e2e9a3">
      <Execution id="1acb84d3-0382-4f74-9fcf-425b2a303178" />
      <TestMethod codeBase="C:\Business\Clients\Myself\quantumbudget\quantumbudget-backend\src\quantumbudget-api\QuantumBudget.API.Tests\bin\Debug\net5.0\QuantumBudget.API.Tests.dll" adapterTypeName="executor://xunit/VsTestRunner2/netcoreapp" className="QuantumBudget.API.Tests.PaymentControllerTests" name="Webhook_Returns200_WhenWebhookSecretIsCorrect" />
    </UnitTest>
    <UnitTest name="QuantumBudget.API.Tests.PaymentControllerTests.Test1" storage="c:\business\clients\myself\quantumbudget\quantumbudget-backend\src\quantumbudget-api\quantumbudget.api.tests\bin\debug\net5.0\quantumbudget.api.tests.dll" id="72698a20-79dc-d9cd-6f26-9f0a72230def">
      <Execution id="6ce79a20-a425-476a-bdc1-2f9dace04c1e" />
      <TestMethod codeBase="C:\Business\Clients\Myself\quantumbudget\quantumbudget-backend\src\quantumbudget-api\QuantumBudget.API.Tests\bin\Debug\net5.0\QuantumBudget.API.Tests.dll" adapterTypeName="executor://xunit/VsTestRunner2/netcoreapp" className="QuantumBudget.API.Tests.PaymentControllerTests" name="Test1" />
    </UnitTest>
    <UnitTest name="QuantumBudget.API.Tests.PaymentControllerTests.Webhook_Returns400_WhenWebhookSecretIsWrong" storage="c:\business\clients\myself\quantumbudget\quantumbudget-backend\src\quantumbudget-api\quantumbudget.api.tests\bin\debug\net5.0\quantumbudget.api.tests.dll" id="59feb4d1-4eee-24e5-38e4-45d57626e4df">
      <Execution id="3f597dd7-0b7a-46e7-afc6-6c6aa5150bbb" />
      <TestMethod codeBase="C:\Business\Clients\Myself\quantumbudget\quantumbudget-backend\src\quantumbudget-api\QuantumBudget.API.Tests\bin\Debug\net5.0\QuantumBudget.API.Tests.dll" adapterTypeName="executor://xunit/VsTestRunner2/netcoreapp" className="QuantumBudget.API.Tests.PaymentControllerTests" name="Webhook_Returns400_WhenWebhookSecretIsWrong" />
    </UnitTest>
  </TestDefinitions>
  <TestEntries>
    <TestEntry testId="04d138ce-a1db-5d25-394f-2ad8d8e2e9a3" executionId="1acb84d3-0382-4f74-9fcf-425b2a303178" testListId="8c84fa94-04c1-424b-9868-57a2d4851a1d" />
    <TestEntry testId="59feb4d1-4eee-24e5-38e4-45d57626e4df" executionId="3f597dd7-0b7a-46e7-afc6-6c6aa5150bbb" testListId="8c84fa94-04c1-424b-9868-57a2d4851a1d" />
    <TestEntry testId="72698a20-79dc-d9cd-6f26-9f0a72230def" executionId="6ce79a20-a425-476a-bdc1-2f9dace04c1e" testListId="8c84fa94-04c1-424b-9868-57a2d4851a1d" />
    <TestEntry testId="b85442c4-1053-b06a-1681-61bd77f70706" executionId="90150fc1-eab1-47b6-90f3-11b6f6b2c3f9" testListId="8c84fa94-04c1-424b-9868-57a2d4851a1d" />
  </TestEntries>
  <TestLists>
    <TestList name="Results Not in a List" id="8c84fa94-04c1-424b-9868-57a2d4851a1d" />
    <TestList name="All Loaded Results" id="19431567-8539-422a-85d7-44ee4e166bda" />
  </TestLists>
  <ResultSummary outcome="Completed">
    <Counters total="4" executed="4" passed="4" failed="0" error="0" timeout="0" aborted="0" inconclusive="0" passedButRunAborted="0" notRunnable="0" notExecuted="0" disconnected="0" warning="0" completed="0" inProgress="0" pending="0" />
    <Output>
      <StdOut>[xUnit.net 00:00:00.00] xUnit.net VSTest Adapter v2.4.3+1b45f5407b (64-bit .NET 5.0.3)&#xD;
[xUnit.net 00:00:00.59]   Discovering: QuantumBudget.API.Tests&#xD;
[xUnit.net 00:00:00.61]   Discovered:  QuantumBudget.API.Tests&#xD;
[xUnit.net 00:00:00.62]   Starting:    QuantumBudget.API.Tests&#xD;
[xUnit.net 00:00:00.72]   Finished:    QuantumBudget.API.Tests&#xD;
</StdOut>
    </Output>
  </ResultSummary>
</TestRun>